// Jest Snapshot v1, https://goo.gl/fbAQLP

exports[`test scanner screen renders correctly 1`] = `
<View
  style={
    {
      "backgroundColor": "#F1311150",
      "flex": 1,
    }
  }
/>
`;
